../Drivers/CMSIS/Include/core_cm7.h:2660:26:ITM_SendChar	16	static,ignoring_inline_asm
../Core/Src/main.c:82:6:HAL_UART_RxCpltCallback	40	static
../Core/Src/main.c:178:5:main	24	static
../Core/Src/main.c:290:6:SystemClock_Config	120	static
../Core/Src/main.c:341:13:MX_USART2_UART_Init	8	static
../Core/Src/main.c:389:13:MX_USART3_UART_Init	8	static
../Core/Src/main.c:437:13:MX_GPIO_Init	48	static
../Core/Src/main.c:488:5:_write	32	static
../Core/Src/main.c:504:13:goto_application	16	static
../Core/Src/main.c:526:6:Error_Handler	4	static,ignoring_inline_asm
